[    0.000000] Linux version 4.15.0-212-generic (buildd@lcy02-amd64-083) (gcc version 7.5.0 (Ubuntu 7.5.0-3ubuntu1~18.04)) #223-Ubuntu SMP Tue May 23 13:09:22 UTC 2023 (Ubuntu 4.15.0-212.223-generic 4.15.18)
[    0.000000] Command line: BOOT_IMAGE=/boot/vmlinuz-4.15.0-212-generic root=LABEL=cloudimg-rootfs ro console=tty1 console=ttyS0
[    0.000000] KERNEL supported cpus:
[    0.000000]   Intel GenuineIntel
[    0.000000]   AMD AuthenticAMD
[    0.000000]   Centaur CentaurHauls
[    0.000000] x86/fpu: x87 FPU will use FXSAVE
[    0.000000] e820: BIOS-provided physical RAM map:
[    0.000000] BIOS-e820: [mem 0x0000000000000000-0x000000000009fbff] usable
[    0.000000] BIOS-e820: [mem 0x000000000009fc00-0x000000000009ffff] reserved
[    0.000000] BIOS-e820: [mem 0x00000000000f0000-0x00000000000fffff] reserved
[    0.000000] BIOS-e820: [mem 0x0000000000100000-0x000000007ffeffff] usable
[    0.000000] BIOS-e820: [mem 0x000000007fff0000-0x000000007fffffff] ACPI data
[    0.000000] BIOS-e820: [mem 0x00000000fec00000-0x00000000fec00fff] reserved
[    0.000000] BIOS-e820: [mem 0x00000000fee00000-0x00000000fee00fff] reserved
[    0.000000] BIOS-e820: [mem 0x00000000fffc0000-0x00000000ffffffff] reserved
[    0.000000] NX (Execute Disable) protection: active
[    0.000000] SMBIOS 2.5 present.
[    0.000000] DMI: innotek GmbH VirtualBox/VirtualBox, BIOS VirtualBox 12/01/2006
[    0.000000] Hypervisor detected: KVM
[    0.000000] e820: last_pfn = 0x7fff0 max_arch_pfn = 0x400000000
[    0.000000] MTRR: Disabled
[    0.000000] x86/PAT: MTRRs disabled, skipping PAT initialization too.
[    0.000000] CPU MTRRs all blank - virtualized system.
[    0.000000] x86/PAT: Configuration [0-7]: WB  WT  UC- UC  WB  WT  UC- UC  
[    0.000000] found SMP MP-table at [mem 0x0009fff0-0x0009ffff]
[    0.000000] Scanning 1 areas for low memory corruption
[    0.000000] RAMDISK: [mem 0x359cb000-0x36cdcfff]
[    0.000000] ACPI: Early table checksum verification disabled
[    0.000000] ACPI: RSDP 0x00000000000E0000 000024 (v02 VBOX  )
[    0.000000] ACPI: XSDT 0x000000007FFF0030 00003C (v01 VBOX   VBOXXSDT 00000001 ASL  00000061)
[    0.000000] ACPI: FACP 0x000000007FFF00F0 0000F4 (v04 VBOX   VBOXFACP 00000001 ASL  00000061)
[    0.000000] ACPI: DSDT 0x000000007FFF0610 002353 (v02 VBOX   VBOXBIOS 00000002 INTL 20200925)
[    0.000000] ACPI: FACS 0x000000007FFF0200 000040
[    0.000000] ACPI: FACS 0x000000007FFF0200 000040
[    0.000000] ACPI: APIC 0x000000007FFF0240 00005C (v02 VBOX   VBOXAPIC 00000001 ASL  00000061)
[    0.000000] ACPI: SSDT 0x000000007FFF02A0 00036C (v01 VBOX   VBOXCPUT 00000002 INTL 20200925)
[    0.000000] ACPI: Reserving FACP table memory at [mem 0x7fff00f0-0x7fff01e3]
[    0.000000] ACPI: Reserving DSDT table memory at [mem 0x7fff0610-0x7fff2962]
[    0.000000] ACPI: Reserving FACS table memory at [mem 0x7fff0200-0x7fff023f]
[    0.000000] ACPI: Reserving FACS table memory at [mem 0x7fff0200-0x7fff023f]
[    0.000000] ACPI: Reserving APIC table memory at [mem 0x7fff0240-0x7fff029b]
[    0.000000] ACPI: Reserving SSDT table memory at [mem 0x7fff02a0-0x7fff060b]
[    0.000000] No NUMA configuration found
[    0.000000] Faking a node at [mem 0x0000000000000000-0x000000007ffeffff]
[    0.000000] NODE_DATA(0) allocated [mem 0x7ffc5000-0x7ffeffff]
[    0.000000] kvm-clock: cpu 0, msr 0:7ff44001, primary cpu clock
[    0.000000] kvm-clock: Using msrs 4b564d01 and 4b564d00
[    0.000000] kvm-clock: using sched offset of 46826364995 cycles
[    0.000000] clocksource: kvm-clock: mask: 0xffffffffffffffff max_cycles: 0x1cd42e4dffb, max_idle_ns: 881590591483 ns
[    0.000000] Zone ranges:
[    0.000000]   DMA      [mem 0x0000000000001000-0x0000000000ffffff]
[    0.000000]   DMA32    [mem 0x0000000001000000-0x000000007ffeffff]
[    0.000000]   Normal   empty
[    0.000000]   Device   empty
[    0.000000] Movable zone start for each node
[    0.000000] Early memory node ranges
[    0.000000]   node   0: [mem 0x0000000000001000-0x000000000009efff]
[    0.000000]   node   0: [mem 0x0000000000100000-0x000000007ffeffff]
[    0.000000] Reserved but unavailable: 104 pages
[    0.000000] Initmem setup node 0 [mem 0x0000000000001000-0x000000007ffeffff]
[    0.000000] ACPI: PM-Timer IO Port: 0x4008
[    0.000000] IOAPIC[0]: apic_id 2, version 32, address 0xfec00000, GSI 0-23
[    0.000000] ACPI: INT_SRC_OVR (bus 0 bus_irq 0 global_irq 2 dfl dfl)
[    0.000000] ACPI: INT_SRC_OVR (bus 0 bus_irq 9 global_irq 9 low level)
[    0.000000] Using ACPI (MADT) for SMP configuration information
[    0.000000] smpboot: Allowing 2 CPUs, 0 hotplug CPUs
[    0.000000] PM: Registered nosave memory: [mem 0x00000000-0x00000fff]
[    0.000000] PM: Registered nosave memory: [mem 0x0009f000-0x0009ffff]
[    0.000000] PM: Registered nosave memory: [mem 0x000a0000-0x000effff]
[    0.000000] PM: Registered nosave memory: [mem 0x000f0000-0x000fffff]
[    0.000000] e820: [mem 0x80000000-0xfebfffff] available for PCI devices
[    0.000000] Booting paravirtualized kernel on KVM
[    0.000000] clocksource: refined-jiffies: mask: 0xffffffff max_cycles: 0xffffffff, max_idle_ns: 7645519600211568 ns
[    0.000000] setup_percpu: NR_CPUS:8192 nr_cpumask_bits:2 nr_cpu_ids:2 nr_node_ids:1
[    0.000000] percpu: Embedded 50 pages/cpu s167936 r8192 d28672 u1048576
[    0.000000] PV qspinlock hash table entries: 256 (order: 0, 4096 bytes)
[    0.000000] Built 1 zonelists, mobility grouping on.  Total pages: 515961
[    0.000000] Policy zone: DMA32
[    0.000000] Kernel command line: BOOT_IMAGE=/boot/vmlinuz-4.15.0-212-generic root=LABEL=cloudimg-rootfs ro console=tty1 console=ttyS0
[    0.000000] Memory: 2014836K/2096696K available (12300K kernel code, 2477K rwdata, 4324K rodata, 2480K init, 2720K bss, 81860K reserved, 0K cma-reserved)
[    0.000000] SLUB: HWalign=64, Order=0-3, MinObjects=0, CPUs=2, Nodes=1
[    0.000000] Kernel/User page tables isolation: enabled
[    0.000000] ftrace: allocating 39508 entries in 155 pages
[    0.004000] Hierarchical RCU implementation.
[    0.004000] 	RCU restricting CPUs from NR_CPUS=8192 to nr_cpu_ids=2.
[    0.004000] 	Tasks RCU enabled.
[    0.004000] RCU: Adjusting geometry for rcu_fanout_leaf=16, nr_cpu_ids=2
[    0.004000] NR_IRQS: 524544, nr_irqs: 440, preallocated irqs: 16
[    0.004000] Console: colour VGA+ 80x25
[    0.004000] console [tty1] enabled
[    0.004000] console [ttyS0] enabled
[    0.004000] ACPI: Core revision 20170831
[    0.004000] ACPI: 2 ACPI AML tables successfully acquired and loaded
[    0.004000] APIC: Switch to symmetric I/O mode setup
[    0.004000] x2apic enabled
[    0.004000] Switched APIC routing to physical x2apic.
[    0.004000] ..TIMER: vector=0x30 apic1=0 pin1=2 apic2=-1 pin2=-1
[    0.004031] tsc: Detected 2593.566 MHz processor
[    0.008072] Calibrating delay loop (skipped) preset value.. 5187.13 BogoMIPS (lpj=10374264)
[    0.012011] pid_max: default: 32768 minimum: 301
[    0.014285] Security Framework initialized
[    0.016033] Yama: becoming mindful.
[    0.017892] AppArmor: AppArmor initialized
[    0.029173] Dentry cache hash table entries: 262144 (order: 9, 2097152 bytes)
[    0.036214] Inode-cache hash table entries: 131072 (order: 8, 1048576 bytes)
[    0.040089] Mount-cache hash table entries: 4096 (order: 3, 32768 bytes)
[    0.044081] Mountpoint-cache hash table entries: 4096 (order: 3, 32768 bytes)
[    0.049111] Last level iTLB entries: 4KB 128, 2MB 4, 4MB 4
[    0.052012] Last level dTLB entries: 4KB 256, 2MB 0, 4MB 32, 1GB 0
[    0.054157] Spectre V1 : Mitigation: usercopy/swapgs barriers and __user pointer sanitization
[    0.056014] Spectre V2 : Mitigation: Retpolines
[    0.060000] Spectre V2 : Spectre v2 / SpectreRSB mitigation: Filling RSB on context switch
[    0.060027] Spectre V2 : Spectre v2 / SpectreRSB : Filling RSB on VMEXIT
[    0.064012] Speculative Store Bypass: Vulnerable
[    0.069079] MDS: Vulnerable: Clear CPU buffers attempted, no microcode
[    0.072013] MMIO Stale Data: Unknown: No mitigations
[    0.076588] Freeing SMP alternatives memory: 36K
[    0.188000] smpboot: CPU0: Intel(R) Celeron(R) CPU        E3400  @ 2.60GHz (family: 0x6, model: 0x17, stepping: 0xa)
[    0.188000] Performance Events: unsupported p6 CPU model 23 no PMU driver, software events only.
[    0.188000] Hierarchical SRCU implementation.
[    0.188000] NMI watchdog: Perf event create on CPU 0 failed with -2
[    0.188000] NMI watchdog: Perf NMI watchdog permanently disabled
[    0.188000] smp: Bringing up secondary CPUs ...
[    0.188000] x86: Booting SMP configuration:
[    0.188000] .... node  #0, CPUs:      #1
[    0.004000] kvm-clock: cpu 1, msr 0:7ff44041, secondary cpu clock
[    0.204078] smp: Brought up 1 node, 2 CPUs
[    0.208018] smpboot: Max logical packages: 1
[    0.212011] smpboot: Total of 2 processors activated (10374.26 BogoMIPS)
[    0.216538] devtmpfs: initialized
[    0.220166] x86/mm: Memory block size: 128MB
[    0.228473] evm: security.selinux
[    0.230565] evm: security.SMACK64
[    0.232022] evm: security.SMACK64EXEC
[    0.236025] evm: security.SMACK64TRANSMUTE
[    0.238868] evm: security.SMACK64MMAP
[    0.240000] evm: security.apparmor
[    0.240030] evm: security.ima
[    0.244025] evm: security.capability
[    0.248667] clocksource: jiffies: mask: 0xffffffff max_cycles: 0xffffffff, max_idle_ns: 7645041785100000 ns
[    0.252933] futex hash table entries: 512 (order: 3, 32768 bytes)
[    0.256193] pinctrl core: initialized pinctrl subsystem
[    0.260735] RTC time:  1:37:10, date: 06/04/24
[    0.268249] NET: Registered protocol family 16
[    0.272348] audit: initializing netlink subsys (disabled)
[    0.276868] audit: type=2000 audit(1717465078.896:1): state=initialized audit_enabled=0 res=1
[    0.292344] cpuidle: using governor ladder
[    0.296022] cpuidle: using governor menu
[    0.300103] ACPI: bus type PCI registered
[    0.304053] acpiphp: ACPI Hot Plug PCI Controller Driver version: 0.5
[    0.308305] PCI: Using configuration type 1 for base access
[    0.329579] HugeTLB registered 2.00 MiB page size, pre-allocated 0 pages
[    0.350868] ACPI: Added _OSI(Module Device)
[    0.356029] ACPI: Added _OSI(Processor Device)
[    0.360014] ACPI: Added _OSI(3.0 _SCP Extensions)
[    0.364011] ACPI: Added _OSI(Processor Aggregator Device)
[    0.368014] ACPI: Added _OSI(Linux-Dell-Video)
[    0.372032] ACPI: Added _OSI(Linux-Lenovo-NV-HDMI-Audio)
[    0.380042] ACPI: Added _OSI(Linux-HPI-Hybrid-Graphics)
[    0.393118] ACPI: Executed 1 blocks of module-level executable AML code
[    0.414631] ACPI: Interpreter enabled
[    0.420121] ACPI: (supports S0 S5)
[    0.424055] ACPI: Using IOAPIC for interrupt routing
[    0.428830] PCI: Using host bridge windows from ACPI; if necessary, use "pci=nocrs" and report a bug
[    0.436894] ACPI: Enabled 2 GPEs in block 00 to 07
[    0.461357] ACPI: PCI Root Bridge [PCI0] (domain 0000 [bus 00-ff])
[    0.464087] acpi PNP0A03:00: _OSC: OS supports [ASPM ClockPM Segments MSI]
[    0.468890] acpi PNP0A03:00: _OSC: not requesting OS control; OS requires [ExtendedConfig ASPM ClockPM MSI]
[    0.476105] acpi PNP0A03:00: fail to add MMCONFIG information, can't access extended PCI configuration space under this bridge.
[    0.489005] PCI host bridge to bus 0000:00
[    0.492060] pci_bus 0000:00: root bus resource [io  0x0000-0x0cf7 window]
[    0.500029] pci_bus 0000:00: root bus resource [io  0x0d00-0xffff window]
[    0.504022] pci_bus 0000:00: root bus resource [mem 0x000a0000-0x000bffff window]
[    0.512030] pci_bus 0000:00: root bus resource [mem 0x80000000-0xfdffffff window]
[    0.520044] pci_bus 0000:00: root bus resource [bus 00-ff]
[    0.532272] pci 0000:00:01.1: legacy IDE quirk: reg 0x10: [io  0x01f0-0x01f7]
[    0.536045] pci 0000:00:01.1: legacy IDE quirk: reg 0x14: [io  0x03f6]
[    0.544044] pci 0000:00:01.1: legacy IDE quirk: reg 0x18: [io  0x0170-0x0177]
[    0.552025] pci 0000:00:01.1: legacy IDE quirk: reg 0x1c: [io  0x0376]
[    0.629812] pci 0000:00:07.0: quirk: [io  0x4000-0x403f] claimed by PIIX4 ACPI
[    0.652021] pci 0000:00:07.0: quirk: [io  0x4100-0x410f] claimed by PIIX4 SMB
[    0.734030] ACPI: PCI Interrupt Link [LNKA] (IRQs 5 9 10 *11)
[    0.752308] ACPI: PCI Interrupt Link [LNKB] (IRQs 5 9 *10 11)
[    0.760279] ACPI: PCI Interrupt Link [LNKC] (IRQs 5 *9 10 11)
[    0.768232] ACPI: PCI Interrupt Link [LNKD] (IRQs 5 9 10 *11)
[    0.778312] SCSI subsystem initialized
[    0.784642] pci 0000:00:02.0: vgaarb: setting as boot VGA device
[    0.788000] pci 0000:00:02.0: vgaarb: VGA device added: decodes=io+mem,owns=io+mem,locks=none
[    0.800020] pci 0000:00:02.0: vgaarb: bridge control possible
[    0.808009] vgaarb: loaded
[    0.812148] ACPI: bus type USB registered
[    0.820192] usbcore: registered new interface driver usbfs
[    0.828164] usbcore: registered new interface driver hub
[    0.836172] usbcore: registered new device driver usb
[    0.853454] EDAC MC: Ver: 3.0.0
[    0.865092] PCI: Using ACPI for IRQ routing
[    0.877118] NetLabel: Initializing
[    0.880017] NetLabel:  domain hash size = 128
[    0.888018] NetLabel:  protocols = UNLABELED CIPSOv4 CALIPSO
[    0.896172] NetLabel:  unlabeled traffic allowed by default
[    0.914268] clocksource: Switched to clocksource kvm-clock
[    1.055923] VFS: Disk quotas dquot_6.6.0
[    1.061352] VFS: Dquot-cache hash table entries: 512 (order 0, 4096 bytes)
[    1.085785] AppArmor: AppArmor Filesystem Enabled
[    1.101856] pnp: PnP ACPI init
[    1.186384] pnp: PnP ACPI: found 3 devices
[    1.248217] clocksource: acpi_pm: mask: 0xffffff max_cycles: 0xffffff, max_idle_ns: 2085701024 ns
[    1.252167] NET: Registered protocol family 2
[    1.252167] IP idents hash table entries: 32768 (order: 6, 262144 bytes)
[    1.304075] TCP established hash table entries: 16384 (order: 5, 131072 bytes)
[    1.308587] TCP bind hash table entries: 16384 (order: 6, 262144 bytes)
[    1.317422] TCP: Hash tables configured (established 16384 bind 16384)
[    1.353459] UDP hash table entries: 1024 (order: 3, 32768 bytes)
[    1.373362] UDP-Lite hash table entries: 1024 (order: 3, 32768 bytes)
[    1.379172] NET: Registered protocol family 1
[    1.387094] pci 0000:00:00.0: Limiting direct PCI/PCI transfers
[    1.429014] pci 0000:00:01.0: Activating ISA DMA hang workarounds
[    1.437935] pci 0000:00:02.0: Video device with shadowed ROM at [mem 0x000c0000-0x000dffff]
[    1.491168] Unpacking initramfs...
[    2.413011] Freeing initrd memory: 19528K
[    2.418483] clocksource: tsc: mask: 0xffffffffffffffff max_cycles: 0x25627e18e60, max_idle_ns: 440795220060 ns
[    2.428122] platform rtc_cmos: registered platform RTC device (no PNP device found)
[    2.435360] Scanning for low memory corruption every 60 seconds
[    2.452065] Initialise system trusted keyrings
[    2.459371] Key type blacklist registered
[    2.462220] workingset: timestamp_bits=36 max_order=19 bucket_order=0
[    2.470495] zbud: loaded
[    2.473468] squashfs: version 4.0 (2009/01/31) Phillip Lougher
[    2.476990] fuse init (API version 7.26)
[    2.500430] Key type asymmetric registered
[    2.518390] Asymmetric key parser 'x509' registered
[    2.520743] Block layer SCSI generic (bsg) driver version 0.4 loaded (major 246)
[    2.531362] io scheduler noop registered
[    2.533844] io scheduler deadline registered
[    2.540392] io scheduler cfq registered (default)
[    2.552060] ACPI: AC Adapter [AC] (on-line)
[    2.562829] input: Power Button as /devices/LNXSYSTM:00/LNXPWRBN:00/input/input0
[    2.597535] ACPI: Power Button [PWRF]
[    2.602842] input: Sleep Button as /devices/LNXSYSTM:00/LNXSLPBN:00/input/input1
[    2.613548] ACPI: Sleep Button [SLPF]
[    2.616652] Serial: 8250/16550 driver, 32 ports, IRQ sharing enabled
[    2.628451] 00:02: tyS0 at I/O 0x3f8 (irq = 4, bas_baud = 115200) is a 16550A
[    2.681369] Linux agpgart interface v0.103
[    2.718668] loop: module loaded
[    2.724061] scsi host0: ata_piix
[    2.728971] scsi host1: ata_piix
[    2.733892] ata1: PATA max UDMA/33 cmd 0x1f0 ctl 0x3f6 bmdma 0xd000 irq 14
[    2.739534] ata2: PATA max UDMA/33 cmd 0x170 ctl 0x376 bmdma 0xd008 irq 15
[    2.745757] tun: Universal TUN/TAP device driver, 1.6
[    2.769508] PPP generic driver version 2.4.2
[    2.774315] ehci_hcd: USB 2.0 'Enhanced' Host Controller (EHCI) Driver
[    2.781928] ehci-pci: EHCI PCI platform driver
[    2.785457] ehci-platform: EHCI generic platform driver
[    2.789252] ohci_hcd: USB 1.1 'Open' Host Controller (OHCI) Driver
[    2.799448] ohci-pci: OHCI PCI platform driver
[    2.809141] ohci-platform: OHCI generic platform driver
[    2.827300] uhci_hcd: USB Universal Host Controller Interface driver
[    2.837072] i8042: PNP: PS/2 Controller [PNP0303:PS2K,PNP0f03:PS2M] at 0x60,0x64 irq 1,12
[    2.853091] serio: i8042 KBD port at 0x60,0x64 irq 1
[    2.877660] serio: i8042 AUX port at 0x60,0x64 irq 12
[    2.888116] mousedev: PS/2 mouse device common for all mice
[    2.962543] rtc_cmos rtc_cmos: rtc core: registered rtc_cmos as rtc0
[    2.967232] rtc_cmos rtc_cmos: alarms up to one day, 114 bytes nvram
[    2.977995] i2c /dev entries driver
[    2.981662] device-mapper: uevent: version 1.0.3
[    2.996793] device-mapper: ioctl: 4.37.0-ioctl (2017-09-20) initialised: dm-devel@redhat.com
[    3.006169] ledtrig-cpu: registered to indicate activity on CPUs
[    3.013354] input: AT Translated Set 2 keyboard as /devices/platform/i8042/serio0/input/input2
[    3.030576] NET: Registered protocol family 10
[    3.098257] Segment Routing with IPv6
[    3.103624] NET: Registered protocol family 17
[    3.110919] Key type dns_resolver registered
[    3.117110] mce: Using 0 MCE banks
[    3.119953] RAS: Correctable Errors collector initialized.
[    3.124986] sched_clock: Marking stable (3124440382, 0)->(4206115434, -1081675052)
[    3.136715] registered taskstats version 1
[    3.141845] Loading compiled-in X.509 certificates
[    3.186121] Loaded X.509 cert 'Build time autogenerated kernel key: b5b26778eaa3ab3a4a6cee031137706e947d12ad'
[    3.198321] Loaded X.509 cert 'Canonical Ltd. Live Patch Signing: 14df34d1a87cf37625abec039ef2bf521249b969'
[    3.205613] Loaded X.509 cert 'Canonical Ltd. Kernel Module Signing: 88f752e560a1e0737e31163a466ad7b70a850c19'
[    3.213784] blacklist: Loading compiled-in revocation X.509 certificates
[    3.229729] Loaded X.509 cert 'Canonical Ltd. Secure Boot Signing: 61482aa2830d0ab2ad5af10b7250da9033ddcef0'
[    3.240986] Loaded X.509 cert 'Canonical Ltd. Secure Boot Signing (2017): 242ade75ac4a15e50d50c84b0d45ff3eae707a03'
[    3.250314] Loaded X.509 cert 'Canonical Ltd. Secure Boot Signing (ESM 2018): 365188c1d374d6b07c3c8f240f8ef722433d6a8b'
[    3.260805] Loaded X.509 cert 'Canonical Ltd. Secure Boot Signing (2019): c0746fd6c5da3ae827864651ad66ae47fe24b3e8'
[    3.272049] Loaded X.509 cert 'Canonical Ltd. Secure Boot Signing (2021 v1): a8d54bbb3825cfb94fa13c9f8a594a195c107b8d'
[    3.281769] Loaded X.509 cert 'Canonical Ltd. Secure Boot Signing (2021 v2): 4cf046892d6fd3c9a5b03f98d845f90851dc6a8c'
[    3.291988] Loaded X.509 cert 'Canonical Ltd. Secure Boot Signing (2021 v3): 100437bb6de6e469b581e61cd66bce3ef4ed53af'
[    3.301804] Loaded X.509 cert 'Canonical Ltd. Secure Boot Signing (Ubuntu Core 2019): c1d57b8f6b743f23ee41f4f7ee292f06eecadfb9'
[    3.310055] zswap: loaded using pool lzo/zbud
[    3.378172] Key type big_key registered
[    3.383005] Key type trusted registered
[    3.409671] Key type encrypted registered
[    3.412491] AppArmor: AppArmor sha1 policy hashing enabled
[    3.415972] ima: No TPM chip found, activating TPM-bypass! (rc=-19)
[    3.420588] ima: Allocated hash algorithm: sha1
[    3.425124] evm: HMAC attrs: 0x1
[    3.428580]   Magic number: 12:981:608
[    3.433310] rtc_cmos rtc_cmos: setting system clock to 2024-06-04 01:37:14 UTC (1717465034)
[    3.443377] BIOS EDD facility v0.16 2004-Jun-25, 0 devices found
[    3.449370] EDD information not available.
[    3.470774] Freeing unused kernel image memory: 2480K
[    3.496496] Write protecting the kernel read-only data: 20480k
[    3.510367] Freeing unused kernel image memory: 2008K
[    3.515678] Freeing unused kernel image memory: 1820K
[    3.532723] x86/mm: Checked W+X mappings: passed, no W+X pages found.
[    3.538879] x86/mm: Checking user space page tables
[    3.556333] x86/mm: Checked W+X mappings: passed, no W+X pages found.
Loading, please wait...
starting version 237
[    5.376748] e1000: Intel(R) PRO/1000 Network Driver - version 7.3.21-k8-NAPI
[    5.383990] e1000: Copyright (c) 1999-2006 Intel Corporation.
[    5.393578] Fusion MPT base driver 3.04.20
[    5.398929] Copyright (c) 1999-2008 LSI Corporation
[    5.587436] input: ImExPS/2 Generic Explorer Mouse as /devices/platform/i8042/serio1/input/input4
[    6.116116] Fusion MPT SPI Host driver 3.04.20
[    6.792771] e1000 0000:00:03.0 eth0: (PCI:33MHz:32-bit) 02:3b:7b:b7:3b:2d
[    6.798402] e1000 0000:00:03.0 eth0: Intel(R) PRO/1000 Network Connection
[    6.830917] mptbase: ioc0: Initiating bringup
[    6.955512] ioc0: LSI53C1030 A0: Capabilities={Initiator}
[    7.219110] scsi host2: ioc0: LSI53C1030 A0, FwRev=00000000h, Ports=1, MaxQ=256, IRQ=20
[    7.437036] scsi 2:0:0:0: Direct-Access     VBOX     HARDDISK         1.0  PQ: 0 ANSI: 5
[    7.708072] scsi target2:0:0: Beginning Domain Validation
[    7.720959] scsi target2:0:0: Domain Validation skipping write tests
[    7.732492] scsi target2:0:0: Ending Domain Validation
[    7.752322] scsi target2:0:0: asynchronous
[    7.781028] scsi 2:0:1:0: Direct-Access     VBOX     HARDDISK         1.0  PQ: 0 ANSI: 5
[    7.948425] scsi target2:0:1: Beginning Domain Validation
[    7.955793] scsi target2:0:1: Domain Validation skipping write tests
[    7.958002] scsi target2:0:1: Ending Domain Validation
[    7.961839] scsi target2:0:1: asynchronous
[    8.000785] sd 2:0:0:0: Attached scsi generic sg0 type 0
[    8.013168] sd 2:0:1:0: [sdb] 20480 512-byte logical blocks: (10.5 MB/10.0 MiB)
[    8.017430] sd 2:0:1:0: Attached scsi generic sg1 type 0
[    8.020296] sd 2:0:1:0: [sdb] Write Protect is off
[    8.022675] e1000 0000:00:08.0 eth1: (PCI:33MHz:32-bit) 08:00:27:6c:39:5a
[    8.023560] sd 2:0:1:0: [sdb] Incomplete mode parameter data
[    8.027517] e1000 0000:00:08.0 eth1: Intel(R) PRO/1000 Network Connection
[    8.066953] sd 2:0:1:0: [sdb] Assuming drive cache: write through
[    8.099828] sd 2:0:0:0: [sda] 83886080 512-byte logical blocks: (42.9 GB/40.0 GiB)
[    8.109746] sd 2:0:0:0: [sda] Write Protect is off
[    8.114652] sd 2:0:0:0: [sda] Incomplete mode parameter data
[    8.118327] sd 2:0:0:0: [sda] Assuming drive cache: write through
[    8.123712] sd 2:0:1:0: [sdb] Attached SCSI disk
[    8.140944]  sda: sda1
[    8.151078] sd 2:0:0:0: [sda] Attached SCSI disk
[    8.166803] e1000 0000:00:03.0 enp0s3: renamed from eth0
[    8.246210] e1000 0000:00:08.0 enp0s8: renamed from eth1
Begin: Loading essential drivers ... [   12.453402] raid6: sse2x1   gen()  2057 MB/s
[   12.539363] raid6: sse2x1   xor()  2162 MB/s
[   12.608739] raid6: sse2x2   gen()  1576 MB/s
[   12.690498] raid6: sse2x2   xor()  3668 MB/s
[   12.772145] raid6: sse2x4   gen()  9436 MB/s
[   12.837163] raid6: sse2x4   xor()  2986 MB/s
[   12.845565] raid6: using algorithm sse2x4 gen() 9436 MB/s
[   12.851498] raid6: .... xor() 2986 MB/s, rmw enabled
[   12.855800] raid6: using ssse3x2 recovery algorithm
[   12.877414] xor: measuring software checksum speed
[   12.929676]    prefetch64-sse: 21526.000 MB/sec
[   13.012482]    generic_sse: 23731.000 MB/sec
[   13.015324] xor: using function: generic_sse (23731.000 MB/sec)
[   13.064880] async_tx: api initialized (async)
done.
Begin: Running /scripts/init-premount ... done.
Begin: Mounting root file system ... Begin: Running /scripts/local-top ... done.
Begin: Running /scripts/local-premount ... [   13.989312] Btrfs loaded, crc32c=crc32c-generic
Scanning for Btrfs filesystems
done.
Warning: fsck not present, so skipping root file system
[   14.479590] EXT4-fs (sda1): mounted filesystem with ordered data mode. Opts: (null)
done.
Begin: Running /scripts/local-bottom ... done.
Begin: Running /scripts/init-bottom ... done.
[   16.205998] ip_tables: (C) 2000-2006 Netfilter Core Team
[   16.347958] systemd[1]: systemd 237 running in system mode. (+PAM +AUDIT +SELINUX +IMA +APPARMOR +SMACK +SYSVINIT +UTMP +LIBCRYPTSETUP +GCRYPT +GNUTLS +ACL +XZ +LZ4 +SECCOMP +BLKID +ELFUTILS +KMOD -IDN2 +IDN -PCRE2 default-hierarchy=hybrid)
[   16.435695] systemd[1]: Detected virtualization oracle.
[   16.486564] systemd[1]: Detected architecture x86-64.

Welcome to [1mUbuntu 18.04.6 LTS[0m!

[   16.588595] systemd[1]: Set hostname to <ubuntu>.
[   16.598037] random: systemd: uninitialized urandom read (16 bytes read)
[   16.601170] systemd[1]: Initializing machine ID from random generator.
[   16.604536] systemd[1]: Installed transient /etc/machine-id file.
[   18.028397] random: crng init done
[   19.733918] systemd[1]: Created slice System Slice.
[[0;32m  OK  [0m] Created slice System Slice.
[   19.746437] systemd[1]: Listening on /dev/initctl Compatibility Named Pipe.
[[0;32m  OK  [0m] Listening on /dev/initctl Compatibility Named Pipe.
[   19.764974] systemd[1]: Started Forward Password Requests to Wall Directory Watch.
[[0;32m  OK  [0m] Started Forward Password Requests to Wall Directory Watch.
[   19.781598] systemd[1]: Reached target Mounting snaps.
[[0;32m  OK  [0m] Reached target Mounting snaps.
[[0;32m  OK  [0m] Listening on Journal Socket (/dev/log).
[[0;32m  OK  [0m] Listening on Journal Audit Socket.
[[0;32m  OK  [0m] Listening on Syslog Socket.
[[0;32m  OK  [0m] Listening on Device-mapper event daemon FIFOs.
[[0;32m  OK  [0m] Listening on Network Service Netlink Socket.
[[0;32m  OK  [0m] Listening on LVM2 metadata daemon socket.
[[0;32m  OK  [0m] Listening on udev Kernel Socket.
[[0;32m  OK  [0m] Reached target System Time Synchronized.
[[0;32m  OK  [0m] Listening on udev Control Socket.
[[0;32m  OK  [0m] Reached target Mounted snaps.
[[0;32m  OK  [0m] Reached target User and Group Name Lookups.
[[0;32m  OK  [0m] Set up automount Arbitrary Executabâ€¦rmats File System Automount Point.
[[0;32m  OK  [0m] Listening on LVM2 poll daemon socket.
[[0;32m  OK  [0m] Listening on Journal Socket.
         Mounting Huge Pages File System...
         Mounting Kernel Debug File System...
         Starting Monitoring of LVM2 mirrorsâ€¦ng dmeventd or progress polling...
         Starting Load Kernel Modules...
         Mounting POSIX Message Queue File System...
         Starting Uncomplicated firewall...
         Starting Set the console keyboard layout...
         Starting udev Coldplug all Devices...
         Starting Journal Service...
[[0;32m  OK  [0m] Created slice User and Session Slice.
[[0;32m  OK  [0m] Reached target Slices.
[[0;32m  OK  [0m] Reached target Swap.
[[0;32m  OK  [0m] Listening on fsck to fsckd communication Socket.
         Starting File System Check on Root Device...
         Starting Create list of required stâ€¦ce nodes for the current kernel...
[[0;32m  OK  [0m] Created slice system-serial\x2dgetty.slice.
[[0;32m  OK  [0m] Mounted Huge Pages File System.
[[0;32m  OK  [0m] Mounted Kernel Debug File System.
[[0;32m  OK  [0m] Mounted POSIX Message Queue File System.
[[0;32m  OK  [0m] Started Uncomplicated firewall.
[[0;32m  OK  [0m] Started Create list of required staâ€¦vice nodes for the current kernel.
         Starting Create Static Device Nodes in /dev...
[   21.369986] systemd[1]: Started File System Check Daemon to report status.
[[0;32m  OK  [0m] Started File System Check Daemon to report status.
[   21.477043] Loading iSCSI transport class v2.0-870.
[   21.478563] systemd[1]: Started LVM2 metadata daemon.
[[0;32m  OK  [0m] Started LVM2 metadata daemon.
[   21.790460] iscsi: registered transport (tcp)
[   22.582035] systemd[1]: Started Monitoring of LVM2 mirrors, snapshots etc. using dmeventd or progress polling.
[[0;32m  OK  [0m] Started Monitoring of LVM2 mirrors,â€¦sing dmeventd or progress polling.
[   22.719346] systemd[1]: Started File System Check on Root Device.
[[0;32m  OK  [0m] Started File System Check on Root Device.
[   22.793205] systemd[1]: Starting Remount Root and Kernel File Systems...
         Starting Remount Root and Kernel File Systems...
[   22.855636] systemd[1]: Started Journal Service.
[[0;32m  OK  [0m] Started Journal Service.
[[0;32m  OK  [0m] Started Create Static Device Nodes in /dev.
[   23.017824] iscsi: registered transport (iser)
[[0;32m  OK  [0m] Started Load Kernel Modules.
         Mounting Kernel Configuration File System...
         Starting Apply Kernel Variables...
         Mounting FUSE Control File System...
[[0;32m  OK  [0m] Mounted Kernel Configuration File System.
[   23.444951] EXT4-fs (sda1): re-mounted. Opts: (null)
[[0;32m  OK  [0m] Mounted FUSE Control File System.
[[0;32m  OK  [0m] Started Remount Root and Kernel File Systems.
         Starting udev Kernel Device Manager...
         Starting Flush Journal to Persistent Storage...
         Starting Load/Save Random Seed...
[[0;32m  OK  [0m] Started Load/Save Random Seed.
[[0;32m  OK  [0m] Started Apply Kernel Variables.
[[0;32m  OK  [0m] Started Flush Journal to Persistent Storage.
[[0;32m  OK  [0m] Started udev Coldplug all Devices.
[[0;32m  OK  [0m] Started udev Kernel Device Manager.
[[0;32m  OK  [0m] Started Set the console keyboard layout.
[[0;32m  OK  [0m] Started Dispatch Password Requests to Console Directory Watch.
[[0;32m  OK  [0m] Reached target Local Encrypted Volumes.
[[0;32m  OK  [0m] Reached target Local File Systems (Pre).
[[0;32m  OK  [0m] Reached target Local File Systems.
         Starting Create Volatile Files and Directories...
         Starting Commit a transient machine-id on disk...
         Starting Set console font and keymap...
         Starting Tell Plymouth To Write Out Runtime Data...
         Starting ebtables ruleset management...
         Starting AppArmor initialization...
[[0;32m  OK  [0m] Started Tell Plymouth To Write Out Runtime Data.
[[0;32m  OK  [0m] Started Commit a transient machine-id on disk.
[[0;32m  OK  [0m] Started Create Volatile Files and Directories.
         Starting Update UTMP about System Boot/Shutdown...
[[0;32m  OK  [0m] Started Update UTMP about System Boot/Shutdown.
[[0;32m  OK  [0m] Started ebtables ruleset management.
[[0;32m  OK  [0m] Found device /dev/ttyS0.
[[0;32m  OK  [0m] Listening on Load/Save RF Kill Switch Status /dev/rfkill Watch.
[[0;32m  OK  [0m] Started AppArmor initialization.
         Starting Load AppArmor profiles managed internally by snapd...
         Starting Initial cloud-init job (pre-networking)...
         Mounting Arbitrary Executable File Formats File System...
[[0;32m  OK  [0m] Mounted Arbitrary Executable File Formats File System.
[[0;32m  OK  [0m] Started Load AppArmor profiles managed internally by snapd.
[[0;32m  OK  [0m] Started Set console font and keymap.
[   61.124019] cloud-init[651]: Cloud-init v. 23.1.2-0ubuntu0~18.04.1 running 'init-local' at Tue, 04 Jun 2024 01:38:08 +0000. Up 57.17 seconds.
[[0;32m  OK  [0m] Started Initial cloud-init job (pre-networking).
[[0;32m  OK  [0m] Reached target Network (Pre).
         Starting Network Service...
[[0;32m  OK  [0m] Started Network Service.
         Starting Network Name Resolution...
         Starting Wait for Network to be Configured...
[[0;32m  OK  [0m] Started Network Name Resolution.
[[0;32m  OK  [0m] Reached target Host and Network Name Lookups.
[[0;32m  OK  [0m] Reached target Network.
[[0;32m  OK  [0m] Started Wait for Network to be Configured.
         Starting Initial cloud-init job (metadata service crawler)...
[   74.812908] cloud-init[848]: Cloud-init v. 23.1.2-0ubuntu0~18.04.1 running 'init' at Tue, 04 Jun 2024 01:38:22 +0000. Up 71.48 seconds.
[   74.928741] cloud-init[848]: ci-info: ++++++++++++++++++++++++++++++++++++++Net device info+++++++++++++++++++++++++++++++++++++++
[   74.958770] cloud-init[848]: ci-info: +--------+-------+----------------------------+---------------+--------+-------------------+
[   74.976374] cloud-init[848]: ci-info: | Device |   Up  |          Address           |      Mask     | Scope  |     Hw-Address    |
[   75.008683] cloud-init[848]: ci-info: +--------+-------+----------------------------+---------------+--------+-------------------+
[   75.053378] cloud-init[848]: ci-info: | enp0s3 |  True |         10.0.2.15          | 255.255.255.0 | global | 02:3b:7b:b7:3b:2d |
[   75.084428] cloud-init[848]: ci-info: | enp0s3 |  True | fe80::3b:7bff:feb7:3b2d/64 |       .       |  link  | 02:3b:7b:b7:3b:2d |
[   75.116366] cloud-init[848]: ci-info: | enp0s8 | False |             .              |       .       |   .    | 08:00:27:6c:39:5a |
[   75.167530] cloud-init[848]: ci-info: |   lo   |  True |         127.0.0.1          |   255.0.0.0   |  host  |         .         |
[   75.282536] cloud-init[848]: ci-info: |   lo   |  True |          ::1/128           |       .       |  host  |         .         |
[   75.384051] cloud-init[848]: ci-info: +--------+-------+----------------------------+---------------+--------+-------------------+
[   75.432302] cloud-init[848]: ci-info: ++++++++++++++++++++++++++++Route IPv4 info+++++++++++++++++++++++++++++
[   75.473454] cloud-init[848]: ci-info: +-------+-------------+----------+-----------------+-----------+-------+
[   75.511966] cloud-init[848]: ci-info: | Route | Destination | Gateway  |     Genmask     | Interface | Flags |
[   75.642012] cloud-init[848]: ci-info: +-------+-------------+----------+-----------------+-----------+-------+
[   75.693905] cloud-init[848]: ci-info: |   0   |   0.0.0.0   | 10.0.2.2 |     0.0.0.0     |   enp0s3  |   UG  |
[   75.728122] cloud-init[848]: ci-info: |   1   |   10.0.2.0  | 0.0.0.0  |  255.255.255.0  |   enp0s3  |   U   |
[   75.747849] cloud-init[848]: ci-info: |   2   |   10.0.2.2  | 0.0.0.0  | 255.255.255.255 |   enp0s3  |   UH  |
[   75.765350] cloud-init[848]: ci-info: +-------+-------------+----------+-----------------+-----------+-------+
[   75.789531] cloud-init[848]: ci-info: +++++++++++++++++++Route IPv6 info+++++++++++++++++++
[   75.809088] cloud-init[848]: ci-info: +-------+-------------+---------+-----------+-------+
[   75.832155] cloud-init[848]: ci-info: | Route | Destination | Gateway | Interface | Flags |
[   75.866909] cloud-init[848]: ci-info: +-------+-------------+---------+-----------+-------+
[   75.891443] cloud-init[848]: ci-info: |   1   |  fe80::/64  |    ::   |   enp0s3  |   U   |
[   75.912538] cloud-init[848]: ci-info: |   3   |    local    |    ::   |   enp0s3  |   U   |
[   75.939466] cloud-init[848]: ci-info: |   4   |   ff00::/8  |    ::   |   enp0s3  |   U   |
[   75.985958] cloud-init[848]: ci-info: +-------+-------------+---------+-----------+-------+
[   86.273562] cloud-init[848]: Generating public/private rsa key pair.
[   86.322374] cloud-init[848]: Your identification has been saved in /etc/ssh/ssh_host_rsa_key.
[   86.336157] cloud-init[848]: Your public key has been saved in /etc/ssh/ssh_host_rsa_key.pub.
[   86.357439] cloud-init[848]: The key fingerprint is:
[   86.359882] cloud-init[848]: SHA256:WGuRScbkyTqVTGYaV8tViG0VVkVgVQN+UOtq/kwDNk4 root@ubuntu-bionic
[   86.401268] cloud-init[848]: The key's randomart image is:
[   86.414003] cloud-init[848]: +---[RSA 2048]----+
[   86.428355] cloud-init[848]: |      .oO..o.*XOO|
[   86.437701] cloud-init[848]: |       &.*.o=o. o|
[   86.449187] cloud-init[848]: |      . % o. . o |
[   86.466264] cloud-init[848]: |       = o    o  |
[   86.475642] cloud-init[848]: |      + S    E . |
[   86.501660] cloud-init[848]: |       o    + +  |
[   86.538194] cloud-init[848]: |             + o |
[   86.548156] cloud-init[848]: |            o o .|
[   86.565360] cloud-init[848]: |             ..o |
[   86.592101] cloud-init[848]: +----[SHA256]-----+
[   86.610775] cloud-init[848]: Generating public/private dsa key pair.
[   86.628646] cloud-init[848]: Your identification has been saved in /etc/ssh/ssh_host_dsa_key.
[   86.673021] cloud-init[848]: Your public key has been saved in /etc/ssh/ssh_host_dsa_key.pub.
[   86.684938] cloud-init[848]: The key fingerprint is:
[   86.698011] cloud-init[848]: SHA256:5T/KFLWOuzX0inad4sOxde7TVQ4E7mHyzPc03jYhMw4 root@ubuntu-bionic
[   86.736650] cloud-init[848]: The key's randomart image is:
[   86.738424] cloud-init[848]: +---[DSA 1024]----+
[   86.741832] cloud-init[848]: |            ..   |
[   86.749951] cloud-init[848]: |           .  .  |
[   86.773001] cloud-init[848]: |          o =.   |
[   86.788874] cloud-init[848]: |         o O o. .|
[   86.797298] cloud-init[848]: |        S oEB+.=o|
[   86.801737] cloud-init[848]: |           *+o*oB|
[   86.804828] cloud-init[848]: |          o.**.**|
[   86.816447] cloud-init[848]: |         o.=*+oo+|
[   86.829155] cloud-init[848]: |         .*+oo .o|
[   86.856697] cloud-init[848]: +----[SHA256]-----+
[   86.863233] cloud-init[848]: Generating public/private ecdsa key pair.
[   86.869119] cloud-init[848]: Your identification has been saved in /etc/ssh/ssh_host_ecdsa_key.
[   86.878970] cloud-init[848]: Your public key has been saved in /etc/ssh/ssh_host_ecdsa_key.pub.
[   86.907589] cloud-init[848]: The key fingerprint is:
[   86.913103] cloud-init[848]: SHA256:RGGm+zvqqrEaWGLdzMr7DAf+3xrr4DvIGnwSqJjiHVc root@ubuntu-bionic
[   86.925771] cloud-init[848]: The key's randomart image is:
[   86.933002] cloud-init[848]: +---[ECDSA 256]---+
[   86.962449] cloud-init[848]: |        =.       |
[   86.977851] cloud-init[848]: |       =         |
[   86.988587] cloud-init[848]: |      . .        |
[   87.009050] cloud-init[848]: |. . +  o         |
[   87.029153] cloud-init[848]: |oo.o +.ES        |
[   87.058044] cloud-init[848]: |*++ o ..         |
[   87.077205] cloud-init[848]: |B+oB.+ ..        |
[   87.094719] cloud-init[848]: |o.==X.. =.       |
[   87.145213] cloud-init[848]: |.+++oOB*oo       |
[   87.176522] cloud-init[848]: +----[SHA256]-----+
[   87.197339] cloud-init[848]: Generating public/private ed25519 key pair.
[   87.236634] cloud-init[848]: Your identification has been saved in /etc/ssh/ssh_host_ed25519_key.
[   87.247227] cloud-init[848]: Your public key has been saved in /etc/ssh/ssh_host_ed25519_key.pub.
[   87.281387] cloud-init[848]: The key fingerprint is:
[   87.308625] cloud-init[848]: SHA256:SFucr6qTU9Ia+p8zp3D5HSzZwd6w1vQbNU92NiQ2Tfs root@ubuntu-bionic
[   87.321098] cloud-init[848]: The key's randomart image is:
[   87.323380] cloud-init[848]: +--[ED25519 256]--+
[   87.357137] cloud-init[848]: |               . |
[   87.359500] cloud-init[848]: |       . .    o .|
[   87.372837] cloud-init[848]: |      . +    + + |
[   87.379167] cloud-init[848]: |     . + o  . + .|
[   87.386549] cloud-init[848]: |     .o S = .  oE|
[   87.388929] cloud-init[848]: |    o o. * B . ==|
[   87.431179] cloud-init[848]: |   ..*o + B o o .|
[   87.441283] cloud-init[848]: |  . =oo+.+ .   o |
[   87.453239] cloud-init[848]: |   .o===. .   .  |
[   87.457168] cloud-init[848]: +----[SHA256]-----+
[[0;32m  OK  [0m] Started Initial cloud-init job (metadata service crawler).
[[0;32m  OK  [0m] Reached target Network is Online.
         Starting Availability of block devices...
[[0;32m  OK  [0m] Reached target Remote File Systems (Pre).
[[0;32m  OK  [0m] Reached target Remote File Systems.
[[0;32m  OK  [0m] Reached target Cloud-config availability.
[[0;32m  OK  [0m] Reached target System Initialization.
[[0;32m  OK  [0m] Started Daily apt download activities.
[[0;32m  OK  [0m] Started Message of the Day.
[[0;32m  OK  [0m] Started ACPI Events Check.
[[0;32m  OK  [0m] Reached target Paths.
[[0;32m  OK  [0m] Listening on Open-iSCSI iscsid Socket.
         Starting Socket activation for snappy daemon.
[[0;32m  OK  [0m] Started Daily Cleanup of Temporary Directories.
[[0;32m  OK  [0m] Started Discard unused blocks once a week.
[[0;32m  OK  [0m] Started Daily apt upgrade and clean activities.
[[0;32m  OK  [0m] Started Ubuntu Advantage Timer for running repeated jobs.
[[0;32m  OK  [0m] Reached target Timers.
[[0;32m  OK  [0m] Listening on ACPID Listen Socket.
[[0;32m  OK  [0m] Listening on D-Bus System Message Bus Socket.
[[0;32m  OK  [0m] Listening on UUID daemon activation socket.
[[0;32m  OK  [0m] Listening on cloud-init hotplug hook socket.
         Starting LXD - unix socket.
[[0;32m  OK  [0m] Started Availability of block devices.
[[0;32m  OK  [0m] Listening on Socket activation for snappy daemon.
[[0;32m  OK  [0m] Listening on LXD - unix socket.
[[0;32m  OK  [0m] Reached target Sockets.
[[0;32m  OK  [0m] Reached target Basic System.
[[0;32m  OK  [0m] Started irqbalance daemon.
         Starting LXD - container startup/shutdown...
         Starting Accounts Service...
[[0;32m  OK  [0m] Started D-Bus System Message Bus.
         Starting Pollinate to seed the pseudo random number generator...
         Starting Dispatcher daemon for systemd-networkd...
         Starting System Logging Service...
[[0;32m  OK  [0m] Started FUSE filesystem for LXC.
[[0;32m  OK  [0m] Reached target Login Prompts (Pre).
         Starting LSB: automatic crash report generation...
         Starting LSB: Record successful boot for GRUB...
[[0;32m  OK  [0m] Started Deferred execution scheduler.
         Starting Snap Daemon...
         Starting Virtualbox guest utils...
[[0;32m  OK  [0m] Started Regular background program processing daemon.
         Starting Permit User Sessions...
         Starting Login Service...
         Starting Authorization Manager...
[[0;32m  OK  [0m] Started System Logging Service.
[[0;32m  OK  [0m] Started Permit User Sessions.
         Starting Terminate Plymouth Boot Screen...
         Starting Hold until boot process finishes up...
[[0;32m  OK  [0m] Started Hold until boot process finishes up.
[[0;32m  OK  [0m] Started Serial Getty on ttyS0.
         Starting Set console scheme...
[[0;32m  OK  [0m] Started Terminate Plymouth Boot Screen.
[[0;32m  OK  [0m] Started Set console scheme.
[[0;32m  OK  [0m] Created slice system-getty.slice.
[[0;32m  OK  [0m] Started Getty on tty1.
[[0;32m  OK  [0m] Reached target Login Prompts.
[[0;32m  OK  [0m] Started Authorization Manager.
[[0;32m  OK  [0m] Started Accounts Service.
[[0;32m  OK  [0m] Started LSB: Record successful boot for GRUB.
[[0;32m  OK  [0m] Started LXD - container startup/shutdown.
[[0;32m  OK  [0m] Started LSB: automatic crash report generation.

Ubuntu 18.04.6 LTS ubuntu-bionic ttyS0

ubuntu-bionic login: [  145.155038] cloud-init[1316]: Cloud-init v. 23.1.2-0ubuntu0~18.04.1 running 'modules:config' at Tue, 04 Jun 2024 01:39:28 +0000. Up 137.17 seconds.
ci-info: no authorized SSH keys fingerprints found for user ubuntu.
<14>Jun  4 01:39:47 cloud-init: #############################################################
<14>Jun  4 01:39:47 cloud-init: -----BEGIN SSH HOST KEY FINGERPRINTS-----
<14>Jun  4 01:39:47 cloud-init: 1024 SHA256:5T/KFLWOuzX0inad4sOxde7TVQ4E7mHyzPc03jYhMw4 root@ubuntu-bionic (DSA)
<14>Jun  4 01:39:47 cloud-init: 256 SHA256:RGGm+zvqqrEaWGLdzMr7DAf+3xrr4DvIGnwSqJjiHVc root@ubuntu-bionic (ECDSA)
<14>Jun  4 01:39:48 cloud-init: 256 SHA256:SFucr6qTU9Ia+p8zp3D5HSzZwd6w1vQbNU92NiQ2Tfs root@ubuntu-bionic (ED25519)
<14>Jun  4 01:39:48 cloud-init: 2048 SHA256:WGuRScbkyTqVTGYaV8tViG0VVkVgVQN+UOtq/kwDNk4 root@ubuntu-bionic (RSA)
<14>Jun  4 01:39:48 cloud-init: -----END SSH HOST KEY FINGERPRINTS-----
<14>Jun  4 01:39:48 cloud-init: #############################################################
-----BEGIN SSH HOST KEY KEYS-----
ecdsa-sha2-nistp256 AAAAE2VjZHNhLXNoYTItbmlzdHAyNTYAAAAIbmlzdHAyNTYAAABBBMlC/j0sk7+IzXX+TECXO84/hl6JcVaKXuFEJ299+kEmhL6CBhcXIhZtgAvsVWzSBFopkyNlPvJl6x4P0z5ktq0= root@ubuntu-bionic
ssh-ed25519 AAAAC3NzaC1lZDI1NTE5AAAAIK5Po0WPDsplOw2qSpzi5gXI5nYbOWNzKyvGYtAypFLG root@ubuntu-bionic
ssh-rsa AAAAB3NzaC1yc2EAAAADAQABAAABAQCfywtyZwZEx2oulTuahqwa06IIf4KHVbeTzn91jf+te5hKzITOKYP121cK/S71w4PyBfU7L0zuV6IiTiAPM1QeOcJk1A7RUz0ghmwq1J5Ogvr9zM/BZDBquf6ppsy7AJSioW7nyXcmBoTj55xtY/f+SuwTJEuKHCkehcSayLvMvpuSGCNstC6NxH1hegFqY0h3VK4poRDGUfiwv1Awu89TBPHoP0cUoTa7aMfdlNFDNg3wJoxBUQj7yx9l/yMNSTQNKttVb7Nv78eNRBMza1G1l9ryH4FN5U9FPz054f+2IkYk+DFlmr+ofcfpnh39DNEpcFmEu9uuYP/o4bjUafhh root@ubuntu-bionic
-----END SSH HOST KEY KEYS-----
[  157.676764] cloud-init[1502]: Cloud-init v. 23.1.2-0ubuntu0~18.04.1 running 'modules:final' at Tue, 04 Jun 2024 01:39:45 +0000. Up 154.51 seconds.
[  157.739235] cloud-init[1502]: Cloud-init v. 23.1.2-0ubuntu0~18.04.1 finished at Tue, 04 Jun 2024 01:39:48 +0000. Datasource DataSourceNoCloud [seed=/dev/sdb][dsmode=net].  Up 157.51 seconds
